newtrain_df.csv
lat,long,pop,capacity,price,city_Athens,city_Irakleion,city_Larisa,city_Patra,city_Thessaloniki,shop_shop_1,shop_shop_2,shop_shop_3,shop_shop_4,shop_shop_5,shop_shop_6,brand_adult-cola,brand_gazoza,brand_kinder-cola,brand_lemon-boost,brand_orange-power,container_can,container_glass,container_plastic,date_year,date_month,date_day,quantity
-0.0345665952796636,-1.418088261486459,-0.8199421664791637,-0.00302127902617243,-0.023304335869876666,-0.7071067811865475,-0.4472135954999579,-0.4472135954999579,2.23606797749979,-0.4472135954999579,-0.447213595499958,-0.4472135954999579,-0.4472135954999579,-0.4472135954999579,-0.4472135954999579,2.23606797749979,2.0,-0.5,-0.5,-0.5,-0.5,-0.7053888122683172,1.4171649678005036,-0.7063703392774677,-1.4638501094227998,-1.5932550136313832,0.6967330142916196,19841.0
-0.0345665952796636,-1.418088261486459,-0.8199421664791637,-0.00302127902617243,0.12402453870261027,-0.7071067811865475,-0.4472135954999579,-0.4472135954999579,2.23606797749979,-0.4472135954999579,-0.447213595499958,-0.4472135954999579,-0.4472135954999579,-0.4472135954999579,-0.4472135954999579,2.23606797749979,2.0,-0.5,-0.5,-0.5,-0.5,-0.7053888122683172,1.4171649678005036,-0.7063703392774677,-1.4638501094227998,-1.3035722838802226,-1.8115058371582038,14052.0
-0.0345665952796636,-1.418088261486459,-0.8199421664791637,-0.00302127902617243,0.27135341327509693,-0.7071067811865475,-0.4472135954999579,-0.4472135954999579,2.23606797749979,-0.4472135954999579,-0.447213595499958,-0.4472135954999579,-0.4472135954999579,-0.4472135954999579,-0.4472135954999579,2.23606797749979,2.0,-0.5,-0.5,-0.5,-0.5,-0.7053888122683172,1.4171649678005036,-0.7063703392774677,-1.4638501094227998,-1.013889554129062,0.6967330142916196,20640.0
-0.0345665952796636,-1.418088261486459,-0.8199421664791637,-0.00302127902617243,0.11174713248823637,-0.7071067811865475,-0.4472135954999579,-0.4472135954999579,2.23606797749979,-0.4472135954999579,-0.447213595499958,-0.4472135954999579,-0.4472135954999579,-0.4472135954999579,-0.4472135954999579,2.23606797749979,2.0,-0.5,-0.5,-0.5,-0.5,-0.7053888122683172,1.4171649678005036,-0.7063703392774677,-1.4638501094227998,-0.7242068243779014,-0.5573864114332922,26348.0
-0.0345665952796636,-1.418088261486459,-0.8199421664791637,-0.00302127902617243,0.1731341635601059,-0.7071067811865475,-0.4472135954999579,-0.4472135954999579,2.23606797749979,-0.4472135954999579,-0.447213595499958,-0.4472135954999579,-0.4472135954999579,-0.4472135954999579,-0.4472135954999579,2.23606797749979,2.0,-0.5,-0.5,-0.5,-0.5,-0.7053888122683172,1.4171649678005036,-0.7063703392774677,-1.4638501094227998,-0.43452409462674085,0.6967330142916196,28775.0
-0.0345665952796636,-1.418088261486459,-0.8199421664791637,-0.00302127902617243,0.013527882773245068,-0.7071067811865475,-0.4472135954999579,-0.4472135954999579,2.23606797749979,-0.4472135954999579,-0.447213595499958,-0.4472135954999579,-0.4472135954999579,-0.4472135954999579,-0.4472135954999579,2.23606797749979,2.0,-0.5,-0.5,-0.5,-0.5,-0.7053888122683172,1.4171649678005036,-0.7063703392774677,-1.4638501094227998,-0.14484136487558028,-0.5573864114332922,33220.0
-0.0345665952796636,-1.418088261486459,-0.8199421664791637,-0.00302127902617243,-0.07241396072737231,-0.7071067811865475,-0.4472135954999579,-0.4472135954999579,2.23606797749979,-0.4472135954999579,-0.447213595499958,-0.4472135954999579,-0.4472135954999579,-0.4472135954999579,-0.4472135954999579,2.23606797749979,2.0,-0.5,-0.5,-0.5,-0.5,-0.7053888122683172,1.4171649678005036,-0.7063703392774677,-1.4638501094227998,0.14484136487558028,0.6967330142916196,51810.0
-0.0345665952796636,-1.418088261486459,-0.8199421664791637,-0.00302127902617243,0.013527882773245068,-0.7071067811865475,-0.4472135954999579,-0.4472135954999579,2.23606797749979,-0.4472135954999579,-0.447213595499958,-0.4472135954999579,-0.4472135954999579,-0.4472135954999579,-0.4472135954999579,2.23606797749979,2.0,-0.5,-0.5,-0.5,-0.5,-0.7053888122683172,1.4171649678005036,-0.7063703392774677,-1.4638501094227998,0.43452409462674085,0.6967330142916196,43742.0
-0.0345665952796636,-1.418088261486459,-0.8199421664791637,-0.00302127902617243,0.2959082257038448,-0.7071067811865475,-0.4472135954999579,-0.4472135954999579,2.23606797749979,-0.4472135954999579,-0.447213595499958,-0.4472135954999579,-0.4472135954999579,-0.4472135954999579,-0.4472135954999579,2.23606797749979,2.0,-0.5,-0.5,-0.5,-0.5,-0.7053888122683172,1.4171649678005036,-0.7063703392774677,-1.4638501094227998,0.7242068243779014,-0.5573864114332922,21190.0
-0.0345665952796636,-1.418088261486459,-0.8199421664791637,-0.00302127902617243,0.09946972627386245,-0.7071067811865475,-0.4472135954999579,-0.4472135954999579,2.23606797749979,-0.4472135954999579,-0.447213595499958,-0.4472135954999579,-0.4472135954999579,-0.4472135954999579,-0.4472135954999579,2.23606797749979,2.0,-0.5,-0.5,-0.5,-0.5,-0.7053888122683172,1.4171649678005036,-0.7063703392774677,-1.4638501094227998,1.013889554129062,0.6967330142916196,20019.0
-0.2061833313913738,0.38488451298220033,1.3615714645847665,1.2205967265736783,0.7870044742788009,1.4142135623730951,-0.4472135954999579,-0.4472135954999579,-0.4472135954999579,-0.4472135954999579,-0.447213595499958,-0.4472135954999579,2.23606797749979,-0.4472135954999579,-0.4472135954999579,-0.4472135954999579,-0.5,-0.5,-0.5,-0.5,2.0,-0.7053888122683172,-0.70563415178971,1.4156879817786243,-1.4638501094227998,-1.5932550136313832,0.6967330142916196,10483.0
-0.2061833313913738,0.38488451298220033,1.3615714645847665,1.2205967265736783,1.364042566354374,1.4142135623730951,-0.4472135954999579,-0.4472135954999579,-0.4472135954999579,-0.4472135954999579,-0.447213595499958,-0.4472135954999579,2.23606797749979,-0.4472135954999579,-0.4472135954999579,-0.4472135954999579,-0.5,-0.5,-0.5,-0.5,2.0,-0.7053888122683172,-0.70563415178971,1.4156879817786243,-1.4638501094227998,-1.3035722838802226,-1.8115058371582038,6134.0
-0.2061833313913738,0.38488451298220033,1.3615714645847665,1.2205967265736783,0.1363019449169842,1.4142135623730951,-0.4472135954999579,-0.4472135954999579,-0.4472135954999579,-0.4472135954999579,-0.447213595499958,-0.4472135954999579,2.23606797749979,-0.4472135954999579,-0.4472135954999579,-0.4472135954999579,-0.5,-0.5,-0.5,-0.5,2.0,-0.7053888122683172,-0.70563415178971,1.4156879817786243,-1.4638501094227998,-1.013889554129062,0.6967330142916196,21788.0
-0.2061833313913738,0.38488451298220033,1.3615714645847665,1.2205967265736783,-0.6862842714460672,1.4142135623730951,-0.4472135954999579,-0.4472135954999579,-0.4472135954999579,-0.4472135954999579,-0.447213595499958,-0.4472135954999579,2.23606797749979,-0.4472135954999579,-0.4472135954999579,-0.4472135954999579,-0.5,-0.5,-0.5,-0.5,2.0,-0.7053888122683172,-0.70563415178971,1.4156879817786243,-1.4638501094227998,-0.7242068243779014,-0.5573864114332922,33684.0
-0.2061833313913738,0.38488451298220033,1.3615714645847665,1.2205967265736783,0.18541156977447984,1.4142135623730951,-0.4472135954999579,-0.4472135954999579,-0.4472135954999579,-0.4472135954999579,-0.447213595499958,-0.4472135954999579,2.23606797749979,-0.4472135954999579,-0.4472135954999579,-0.4472135954999579,-0.5,-0.5,-0.5,-0.5,2.0,-0.7053888122683172,-0.70563415178971,1.4156879817786243,-1.4638501094227998,-0.43452409462674085,0.6967330142916196,24141.0
-0.2061833313913738,0.38488451298220033,1.3615714645847665,1.2205967265736783,0.774727068064427,1.4142135623730951,-0.4472135954999579,-0.4472135954999579,-0.4472135954999579,-0.4472135954999579,-0.447213595499958,-0.4472135954999579,2.23606797749979,-0.4472135954999579,-0.4472135954999579,-0.4472135954999579,-0.5,-0.5,-0.5,-0.5,2.0,-0.7053888122683172,-0.70563415178971,1.4156879817786243,-1.4638501094227998,-0.14484136487558028,-0.5573864114332922,22500.0
-0.2061833313913738,0.38488451298220033,1.3615714645847665,1.2205967265736783,0.6273981934919401,1.4142135623730951,-0.4472135954999579,-0.4472135954999579,-0.4472135954999579,-0.4472135954999579,-0.447213595499958,-0.4472135954999579,2.23606797749979,-0.4472135954999579,-0.4472135954999579,-0.4472135954999579,-0.5,-0.5,-0.5,-0.5,2.0,-0.7053888122683172,-0.70563415178971,1.4156879817786243,-1.4638501094227998,0.14484136487558028,0.6967330142916196,33843.0
-0.2061833313913738,0.38488451298220033,1.3615714645847665,1.2205967265736783,1.044830004780653,1.4142135623730951,-0.4472135954999579,-0.4472135954999579,-0.4472135954999579,-0.4472135954999579,-0.447213595499958,-0.4472135954999579,2.23606797749979,-0.4472135954999579,-0.4472135954999579,-0.4472135954999579,-0.5,-0.5,-0.5,-0.5,2.0,-0.7053888122683172,-0.70563415178971,1.4156879817786243,-1.4638501094227998,0.43452409462674085,0.6967330142916196,14585.0
-0.2061833313913738,0.38488451298220033,1.3615714645847665,1.2205967265736783,0.2345211946319752,1.4142135623730951,-0.4472135954999579,-0.4472135954999579,-0.4472135954999579,-0.4472135954999579,-0.447213595499958,-0.4472135954999579,2.23606797749979,-0.4472135954999579,-0.4472135954999579,-0.4472135954999579,-0.5,-0.5,-0.5,-0.5,2.0,-0.7053888122683172,-0.70563415178971,1.4156879817786243,-1.4638501094227998,0.7242068243779014,-0.5573864114332922,22176.0
0.812866732848111,-0.7872823216646007,-0.9346705060194441,-0.00302127902617243,0.2345211946319752,-0.7071067811865475,-0.4472135954999579,2.23606797749979,-0.4472135954999579,-0.4472135954999579,-0.447213595499958,-0.4472135954999579,-0.4472135954999579,-0.4472135954999579,2.23606797749979,-0.4472135954999579,-0.5,-0.5,2.0,-0.5,-0.5,-0.7053888122683172,1.4171649678005036,-0.7063703392774677,-1.4638501094227998,-1.5932550136313832,0.6967330142916196,7495.0
0.812866732848111,-0.7872823216646007,-0.9346705060194441,-0.00302127902617243,0.3327404443469665,-0.7071067811865475,-0.4472135954999579,2.23606797749979,-0.4472135954999579,-0.4472135954999579,-0.447213595499958,-0.4472135954999579,-0.4472135954999579,-0.4472135954999579,2.23606797749979,-0.4472135954999579,-0.5,-0.5,2.0,-0.5,-0.5,-0.7053888122683172,1.4171649678005036,-0.7063703392774677,-1.4638501094227998,-1.3035722838802226,-1.8115058371582038,6972.0
0.812866732848111,-0.7872823216646007,-0.9346705060194441,-0.00302127902617243,0.22224378841760156,-0.7071067811865475,-0.4472135954999579,2.23606797749979,-0.4472135954999579,-0.4472135954999579,-0.447213595499958,-0.4472135954999579,-0.4472135954999579,-0.4472135954999579,2.23606797749979,-0.4472135954999579,-0.5,-0.5,2.0,-0.5,-0.5,-0.7053888122683172,1.4171649678005036,-0.7063703392774677,-1.4638501094227998,-1.013889554129062,0.6967330142916196,8959.0
0.812866732848111,-0.7872823216646007,-0.9346705060194441,-0.00302127902617243,0.02580528898761898,-0.7071067811865475,-0.4472135954999579,2.23606797749979,-0.4472135954999579,-0.4472135954999579,-0.447213595499958,-0.4472135954999579,-0.4472135954999579,-0.4472135954999579,2.23606797749979,-0.4472135954999579,-0.5,-0.5,2.0,-0.5,-0.5,-0.7053888122683172,1.4171649678005036,-0.7063703392774677,-1.4638501094227998,-0.7242068243779014,-0.5573864114332922,12721.0
0.812866732848111,-0.7872823216646007,-0.9346705060194441,-0.00302127902617243,-0.17063321044236332,-0.7071067811865475,-0.4472135954999579,2.23606797749979,-0.4472135954999579,-0.4472135954999579,-0.447213595499958,-0.4472135954999579,-0.4472135954999579,-0.4472135954999579,2.23606797749979,-0.4472135954999579,-0.5,-0.5,2.0,-0.5,-0.5,-0.7053888122683172,1.4171649678005036,-0.7063703392774677,-1.4638501094227998,-0.43452409462674085,0.6967330142916196,20660.0
0.812866732848111,-0.7872823216646007,-0.9346705060194441,-0.00302127902617243,0.20996638220322766,-0.7071067811865475,-0.4472135954999579,2.23606797749979,-0.4472135954999579,-0.4472135954999579,-0.447213595499958,-0.4472135954999579,-0.4472135954999579,-0.4472135954999579,2.23606797749979,-0.4472135954999579,-0.5,-0.5,2.0,-0.5,-0.5,-0.7053888122683172,1.4171649678005036,-0.7063703392774677,-1.4638501094227998,-0.14484136487558028,-0.5573864114332922,12592.0
0.812866732848111,-0.7872823216646007,-0.9346705060194441,-0.00302127902617243,0.038082695201992894,-0.7071067811865475,-0.4472135954999579,2.23606797749979,-0.4472135954999579,-0.4472135954999579,-0.447213595499958,-0.4472135954999579,-0.4472135954999579,-0.4472135954999579,2.23606797749979,-0.4472135954999579,-0.5,-0.5,2.0,-0.5,-0.5,-0.7053888122683172,1.4171649678005036,-0.7063703392774677,-1.4638501094227998,0.14484136487558028,0.6967330142916196,18264.0
0.812866732848111,-0.7872823216646007,-0.9346705060194441,-0.00302127902617243,0.19768897598885374,-0.7071067811865475,-0.4472135954999579,2.23606797749979,-0.4472135954999579,-0.4472135954999579,-0.447213595499958,-0.4472135954999579,-0.4472135954999579,-0.4472135954999579,2.23606797749979,-0.4472135954999579,-0.5,-0.5,2.0,-0.5,-0.5,-0.7053888122683172,1.4171649678005036,-0.7063703392774677,-1.4638501094227998,0.43452409462674085,0.6967330142916196,12359.0
0.812866732848111,-0.7872823216646007,-0.9346705060194441,-0.00302127902617243,0.25907600706072303,-0.7071067811865475,-0.4472135954999579,2.23606797749979,-0.4472135954999579,-0.4472135954999579,-0.447213595499958,-0.4472135954999579,-0.4472135954999579,-0.4472135954999579,2.23606797749979,-0.4472135954999579,-0.5,-0.5,2.0,-0.5,-0.5,-0.7053888122683172,1.4171649678005036,-0.7063703392774677,-1.4638501094227998,0.7242068243779014,-0.5573864114332922,9632.0
